Archive member included to satisfy reference by file (symbol)

C:/ST/STM32CubeIDE_1.15.0/STM32CubeIDE/plugins/com.st.stm32cube.ide.mcu.externaltools.gnu-tools-for-stm32.12.3.rel1.win32_1.0.100.202403111256/tools/bin/../lib/gcc/arm-none-eabi/12.3.1/../../../../arm-none-eabi/lib/thumb/v7e-m+fp/hard\libc_nano.a(libc_a-exit.o)
                              C:/ST/STM32CubeIDE_1.15.0/STM32CubeIDE/plugins/com.st.stm32cube.ide.mcu.externaltools.gnu-tools-for-stm32.12.3.rel1.win32_1.0.100.202403111256/tools/bin/../lib/gcc/arm-none-eabi/12.3.1/../../../../arm-none-eabi/lib/thumb/v7e-m+fp/hard/crt0.o (exit)
C:/ST/STM32CubeIDE_1.15.0/STM32CubeIDE/plugins/com.st.stm32cube.ide.mcu.externaltools.gnu-tools-for-stm32.12.3.rel1.win32_1.0.100.202403111256/tools/bin/../lib/gcc/arm-none-eabi/12.3.1/../../../../arm-none-eabi/lib/thumb/v7e-m+fp/hard\libc_nano.a(libc_a-findfp.o)
                              C:/ST/STM32CubeIDE_1.15.0/STM32CubeIDE/plugins/com.st.stm32cube.ide.mcu.externaltools.gnu-tools-for-stm32.12.3.rel1.win32_1.0.100.202403111256/tools/bin/../lib/gcc/arm-none-eabi/12.3.1/../../../../arm-none-eabi/lib/thumb/v7e-m+fp/hard\libc_nano.a(libc_a-exit.o) (__stdio_exit_handler)
C:/ST/STM32CubeIDE_1.15.0/STM32CubeIDE/plugins/com.st.stm32cube.ide.mcu.externaltools.gnu-tools-for-stm32.12.3.rel1.win32_1.0.100.202403111256/tools/bin/../lib/gcc/arm-none-eabi/12.3.1/../../../../arm-none-eabi/lib/thumb/v7e-m+fp/hard\libc_nano.a(libc_a-fwalk.o)
                              C:/ST/STM32CubeIDE_1.15.0/STM32CubeIDE/plugins/com.st.stm32cube.ide.mcu.externaltools.gnu-tools-for-stm32.12.3.rel1.win32_1.0.100.202403111256/tools/bin/../lib/gcc/arm-none-eabi/12.3.1/../../../../arm-none-eabi/lib/thumb/v7e-m+fp/hard\libc_nano.a(libc_a-findfp.o) (_fwalk_sglue)
C:/ST/STM32CubeIDE_1.15.0/STM32CubeIDE/plugins/com.st.stm32cube.ide.mcu.externaltools.gnu-tools-for-stm32.12.3.rel1.win32_1.0.100.202403111256/tools/bin/../lib/gcc/arm-none-eabi/12.3.1/../../../../arm-none-eabi/lib/thumb/v7e-m+fp/hard\libc_nano.a(libc_a-stdio.o)
                              C:/ST/STM32CubeIDE_1.15.0/STM32CubeIDE/plugins/com.st.stm32cube.ide.mcu.externaltools.gnu-tools-for-stm32.12.3.rel1.win32_1.0.100.202403111256/tools/bin/../lib/gcc/arm-none-eabi/12.3.1/../../../../arm-none-eabi/lib/thumb/v7e-m+fp/hard\libc_nano.a(libc_a-findfp.o) (__sread)
C:/ST/STM32CubeIDE_1.15.0/STM32CubeIDE/plugins/com.st.stm32cube.ide.mcu.externaltools.gnu-tools-for-stm32.12.3.rel1.win32_1.0.100.202403111256/tools/bin/../lib/gcc/arm-none-eabi/12.3.1/../../../../arm-none-eabi/lib/thumb/v7e-m+fp/hard\libc_nano.a(libc_a-memset.o)
                              C:/ST/STM32CubeIDE_1.15.0/STM32CubeIDE/plugins/com.st.stm32cube.ide.mcu.externaltools.gnu-tools-for-stm32.12.3.rel1.win32_1.0.100.202403111256/tools/bin/../lib/gcc/arm-none-eabi/12.3.1/../../../../arm-none-eabi/lib/thumb/v7e-m+fp/hard/crt0.o (memset)
C:/ST/STM32CubeIDE_1.15.0/STM32CubeIDE/plugins/com.st.stm32cube.ide.mcu.externaltools.gnu-tools-for-stm32.12.3.rel1.win32_1.0.100.202403111256/tools/bin/../lib/gcc/arm-none-eabi/12.3.1/../../../../arm-none-eabi/lib/thumb/v7e-m+fp/hard\libc_nano.a(libc_a-closer.o)
                              C:/ST/STM32CubeIDE_1.15.0/STM32CubeIDE/plugins/com.st.stm32cube.ide.mcu.externaltools.gnu-tools-for-stm32.12.3.rel1.win32_1.0.100.202403111256/tools/bin/../lib/gcc/arm-none-eabi/12.3.1/../../../../arm-none-eabi/lib/thumb/v7e-m+fp/hard\libc_nano.a(libc_a-stdio.o) (_close_r)
C:/ST/STM32CubeIDE_1.15.0/STM32CubeIDE/plugins/com.st.stm32cube.ide.mcu.externaltools.gnu-tools-for-stm32.12.3.rel1.win32_1.0.100.202403111256/tools/bin/../lib/gcc/arm-none-eabi/12.3.1/../../../../arm-none-eabi/lib/thumb/v7e-m+fp/hard\libc_nano.a(libc_a-reent.o)
                              C:/ST/STM32CubeIDE_1.15.0/STM32CubeIDE/plugins/com.st.stm32cube.ide.mcu.externaltools.gnu-tools-for-stm32.12.3.rel1.win32_1.0.100.202403111256/tools/bin/../lib/gcc/arm-none-eabi/12.3.1/../../../../arm-none-eabi/lib/thumb/v7e-m+fp/hard\libc_nano.a(libc_a-closer.o) (errno)
C:/ST/STM32CubeIDE_1.15.0/STM32CubeIDE/plugins/com.st.stm32cube.ide.mcu.externaltools.gnu-tools-for-stm32.12.3.rel1.win32_1.0.100.202403111256/tools/bin/../lib/gcc/arm-none-eabi/12.3.1/../../../../arm-none-eabi/lib/thumb/v7e-m+fp/hard\libc_nano.a(libc_a-impure.o)
                              C:/ST/STM32CubeIDE_1.15.0/STM32CubeIDE/plugins/com.st.stm32cube.ide.mcu.externaltools.gnu-tools-for-stm32.12.3.rel1.win32_1.0.100.202403111256/tools/bin/../lib/gcc/arm-none-eabi/12.3.1/../../../../arm-none-eabi/lib/thumb/v7e-m+fp/hard\libc_nano.a(libc_a-reent.o) (_impure_ptr)
C:/ST/STM32CubeIDE_1.15.0/STM32CubeIDE/plugins/com.st.stm32cube.ide.mcu.externaltools.gnu-tools-for-stm32.12.3.rel1.win32_1.0.100.202403111256/tools/bin/../lib/gcc/arm-none-eabi/12.3.1/../../../../arm-none-eabi/lib/thumb/v7e-m+fp/hard\libc_nano.a(libc_a-lseekr.o)
[...]
Memory Configuration

Name             Origin             Length             Attributes
RAM              0x20000000         0x00018000         xrw
RAM2             0x10000000         0x00008000         xrw
FLASH            0x08000000         0x00100000         xr
*default*        0x00000000         0xffffffff

Linker script and memory map

LOAD C:/ST/STM32CubeIDE_1.15.0/STM32CubeIDE/plugins/com.st.stm32cube.ide.mcu.externaltools.gnu-tools-for-stm32.12.3.rel1.win32_1.0.100.202403111256/tools/bin/../lib/gcc/arm-none-eabi/12.3.1/thumb/v7e-m+fp/hard/crti.o
LOAD C:/ST/STM32CubeIDE_1.15.0/STM32CubeIDE/plugins/com.st.stm32cube.ide.mcu.externaltools.gnu-tools-for-stm32.12.3.rel1.win32_1.0.100.202403111256/tools/bin/../lib/gcc/arm-none-eabi/12.3.1/thumb/v7e-m+fp/hard/crtbegin.o
LOAD C:/ST/STM32CubeIDE_1.15.0/STM32CubeIDE/plugins/com.st.stm32cube.ide.mcu.externaltools.gnu-tools-for-stm32.12.3.rel1.win32_1.0.100.202403111256/tools/bin/../lib/gcc/arm-none-eabi/12.3.1/../../../../arm-none-eabi/lib/thumb/v7e-m+fp/hard/crt0.o
LOAD ./Core/Src/dac.o
LOAD ./Core/Src/keypad.o
LOAD ./Core/Src/main.o
LOAD ./Core/Src/stm32l4xx_hal_msp.o
LOAD ./Core/Src/stm32l4xx_it.o
LOAD ./Core/Src/syscalls.o
LOAD ./Core/Src/sysmem.o
LOAD ./Core/Src/system_stm32l4xx.o
LOAD ./Core/Startup/startup_stm32l476rgtx.o
LOAD ./Drivers/STM32L4xx_HAL_Driver/Src/stm32l4xx_hal.o
LOAD ./Drivers/STM32L4xx_HAL_Driver/Src/stm32l4xx_hal_cortex.o
LOAD ./Drivers/STM32L4xx_HAL_Driver/Src/stm32l4xx_hal_dma.o
LOAD ./Drivers/STM32L4xx_HAL_Driver/Src/stm32l4xx_hal_dma_ex.o
LOAD ./Drivers/STM32L4xx_HAL_Driver/Src/stm32l4xx_hal_exti.o
LOAD ./Drivers/STM32L4xx_HAL_Driver/Src/stm32l4xx_hal_flash.o
LOAD ./Drivers/STM32L4xx_HAL_Driver/Src/stm32l4xx_hal_flash_ex.o
LOAD ./Drivers/STM32L4xx_HAL_Driver/Src/stm32l4xx_hal_flash_ramfunc.o
LOAD ./Drivers/STM32L4xx_HAL_Driver/Src/stm32l4xx_hal_gpio.o
LOAD ./Drivers/STM32L4xx_HAL_Driver/Src/stm32l4xx_hal_i2c.o
LOAD ./Drivers/STM32L4xx_HAL_Driver/Src/stm32l4xx_hal_i2c_ex.o
LOAD ./Drivers/STM32L4xx_HAL_Driver/Src/stm32l4xx_hal_pwr.o
LOAD ./Drivers/STM32L4xx_HAL_Driver/Src/stm32l4xx_hal_pwr_ex.o
LOAD ./Drivers/STM32L4xx_HAL_Driver/Src/stm32l4xx_hal_rcc.o
LOAD ./Drivers/STM32L4xx_HAL_Driver/Src/stm32l4xx_hal_rcc_ex.o
START GROUP
LOAD C:/ST/STM32CubeIDE_1.15.0/STM32CubeIDE/plugins/com.st.stm32cube.ide.mcu.externaltools.gnu-tools-for-stm32.12.3.rel1.win32_1.0.100.202403111256/tools/bin/../lib/gcc/arm-none-eabi/12.3.1/../../../../arm-none-eabi/lib/thumb/v7e-m+fp/hard\libc_nano.a
LOAD C:/ST/STM32CubeIDE_1.15.0/STM32CubeIDE/plugins/com.st.stm32cube.ide.mcu.externaltools.gnu-tools-for-stm32.12.3.rel1.win32_1.0.100.202403111256/tools/bin/../lib/gcc/arm-none-eabi/12.3.1/../../../../arm-none-eabi/lib/thumb/v7e-m+fp/hard\libm.a
END GROUP
START GROUP
LOAD C:/ST/STM32CubeIDE_1.15.0/STM32CubeIDE/plugins/com.st.stm32cube.ide.mcu.externaltools.gnu-tools-for-stm32.12.3.rel1.win32_1.0.100.202403111256/tools/bin/../lib/gcc/arm-none-eabi/12.3.1/thumb/v7e-m+fp/hard\libgcc.a
LOAD C:/ST/STM32CubeIDE_1.15.0/STM32CubeIDE/plugins/com.st.stm32cube.ide.mcu.externaltools.gnu-tools-for-stm32.12.3.rel1.win32_1.0.100.202403111256/tools/bin/../lib/gcc/arm-none-eabi/12.3.1/../../../../arm-none-eabi/lib/thumb/v7e-m+fp/hard\libc_nano.a
END GROUP
START GROUP
LOAD C:/ST/STM32CubeIDE_1.15.0/STM32CubeIDE/plugins/com.st.stm32cube.ide.mcu.externaltools.gnu-tools-for-stm32.12.3.rel1.win32_1.0.100.202403111256/tools/bin/../lib/gcc/arm-none-eabi/12.3.1/thumb/v7e-m+fp/hard\libgcc.a
LOAD C:/ST/STM32CubeIDE_1.15.0/STM32CubeIDE/plugins/com.st.stm32cube.ide.mcu.externaltools.gnu-tools-for-stm32.12.3.rel1.win32_1.0.100.202403111256/tools/bin/../lib/gcc/arm-none-eabi/12.3.1/../../../../arm-none-eabi/lib/thumb/v7e-m+fp/hard\libc_nano.a
LOAD C:/ST/STM32CubeIDE_1.15.0/STM32CubeIDE/plugins/com.st.stm32cube.ide.mcu.externaltools.gnu-tools-for-stm32.12.3.rel1.win32_1.0.100.202403111256/tools/bin/../lib/gcc/arm-none-eabi/12.3.1/../../../../arm-none-eabi/lib/thumb/v7e-m+fp/hard\libnosys.a
END GROUP
START GROUP
LOAD C:/ST/STM32CubeIDE_1.15.0/STM32CubeIDE/plugins/com.st.stm32cube.ide.mcu.externaltools.gnu-tools-for-stm32.12.3.rel1.win32_1.0.100.202403111256/tools/bin/../lib/gcc/arm-none-eabi/12.3.1/thumb/v7e-m+fp/hard\libgcc.a
LOAD C:/ST/STM32CubeIDE_1.15.0/STM32CubeIDE/plugins/com.st.stm32cube.ide.mcu.externaltools.gnu-tools-for-stm32.12.3.rel1.win32_1.0.100.202403111256/tools/bin/../lib/gcc/arm-none-eabi/12.3.1/../../../../arm-none-eabi/lib/thumb/v7e-m+fp/hard\libc_nano.a
LOAD C:/ST/STM32CubeIDE_1.15.0/STM32CubeIDE/plugins/com.st.stm32cube.ide.mcu.externaltools.gnu-tools-for-stm32.12.3.rel1.win32_1.0.100.202403111256/tools/bin/../lib/gcc/arm-none-eabi/12.3.1/../../../../arm-none-eabi/lib/thumb/v7e-m+fp/hard\libnosys.a
END GROUP
LOAD C:/ST/STM32CubeIDE_1.15.0/STM32CubeIDE/plugins/com.st.stm32cube.ide.mcu.externaltools.gnu-tools-for-stm32.12.3.rel1.win32_1.0.100.202403111256/tools/bin/../lib/gcc/arm-none-eabi/12.3.1/thumb/v7e-m+fp/hard/crtend.o
LOAD C:/ST/STM32CubeIDE_1.15.0/STM32CubeIDE/plugins/com.st.stm32cube.ide.mcu.externaltools.gnu-tools-for-stm32.12.3.rel1.win32_1.0.100.202403111256/tools/bin/../lib/gcc/arm-none-eabi/12.3.1/thumb/v7e-m+fp/hard/crtn.o
                0x20018000                        _estack = (ORIGIN (RAM) + LENGTH (RAM))
                0x00000200                        _Min_Heap_Size = 0x200
                0x00000400                        _Min_Stack_Size = 0x400

.isr_vector     0x08000000      0x188
                0x08000000                        . = ALIGN (0x4)
 *(.isr_vector)
 .isr_vector    0x08000000      0x188 ./Core/Startup/startup_stm32l476rgtx.o
                0x08000000                g_pfnVectors
                0x08000188                        . = ALIGN (0x4)

.text           0x08000188     0x34d0
                0x08000188                        . = ALIGN (0x4)
 *(.text)
 .text          0x08000188       0x40 C:/ST/STM32CubeIDE_1.15.0/STM32CubeIDE/plugins/com.st.stm32cube.ide.mcu.externaltools.gnu-tools-for-stm32.12.3.rel1.win32_1.0.100.202403111256/tools/bin/../lib/gcc/arm-none-eabi/12.3.1/thumb/v7e-m+fp/hard/crtbegin.o
 .text          0x080001c8      0x378 C:/ST/STM32CubeIDE_1.15.0/STM32CubeIDE/plugins/com.st.stm32cube.ide.mcu.externaltools.gnu-tools-for-stm32.12.3.rel1.win32_1.0.100.202403111256/tools/bin/../lib/gcc/arm-none-eabi/12.3.1/thumb/v7e-m+fp/hard\libgcc.a(_arm_addsubdf3.o)
                0x080001c8                __aeabi_drsub
                0x080001d0                __aeabi_dsub
                0x080001d0                __subdf3
                0x080001d4                __aeabi_dadd
                0x080001d4                __adddf3
                0x0800044c                __floatunsidf
                0x0800044c                __aeabi_ui2d
                0x0800046c                __floatsidf
                0x0800046c                __aeabi_i2d
                0x08000490                __aeabi_f2d
                0x08000490                __extendsfdf2
                0x080004d4                __floatundidf
                0x080004d4                __aeabi_ul2d
                0x080004e4                __floatdidf
                0x080004e4                __aeabi_l2d
 .text          0x08000540      0x424 C:/ST/STM32CubeIDE_1.15.0/STM32CubeIDE/plugins/com.st.stm32cube.ide.mcu.externaltools.gnu-tools-for-stm32.12.3.rel1.win32_1.0.100.202403111256/tools/bin/../lib/gcc/arm-none-eabi/12.3.1/thumb/v7e-m+fp/hard\libgcc.a(_arm_muldivdf3.o)
                0x08000540                __aeabi_dmul
                0x08000540                __muldf3
                0x08000794                __divdf3
                0x08000794                __aeabi_ddiv
 .text          0x08000964      0x110 C:/ST/STM32CubeIDE_1.15.0/STM32CubeIDE/plugins/com.st.stm32cube.ide.mcu.externaltools.gnu-tools-for-stm32.12.3.rel1.win32_1.0.100.202403111256/tools/bin/../lib/gcc/arm-none-eabi/12.3.1/thumb/v7e-m+fp/hard\libgcc.a(_arm_cmpdf2.o)
                0x08000964                __gtdf2
                0x08000964                __gedf2
                0x0800096c                __ltdf2
                0x0800096c                __ledf2
                0x08000974                __nedf2
                0x08000974                __eqdf2
                0x08000974                __cmpdf2
                0x080009f0                __aeabi_cdrcmple
                0x08000a00                __aeabi_cdcmpeq
                0x08000a00                __aeabi_cdcmple
                0x08000a10                __aeabi_dcmpeq
                0x08000a24                __aeabi_dcmplt
                0x08000a38                __aeabi_dcmple
                0x08000a4c                __aeabi_dcmpge
                0x08000a60                __aeabi_dcmpgt
 .text          0x08000a74       0x50 C:/ST/STM32CubeIDE_1.15.0/STM32CubeIDE/plugins/com.st.stm32cube.ide.mcu.externaltools.gnu-tools-for-stm32.12.3.rel1.win32_1.0.100.202403111256/tools/bin/../lib/gcc/arm-none-eabi/12.3.1/thumb/v7e-m+fp/hard\libgcc.a(_arm_fixdfsi.o)
                0x08000a74                __aeabi_d2iz
                0x08000a74                __fixdfsi
 .text          0x08000ac4       0x40 C:/ST/STM32CubeIDE_1.15.0/STM32CubeIDE/plugins/com.st.stm32cube.ide.mcu.externaltools.gnu-tools-for-stm32.12.3.rel1.win32_1.0.100.202403111256/tools/bin/../lib/gcc/arm-none-eabi/12.3.1/thumb/v7e-m+fp/hard\libgcc.a(_arm_fixunsdfsi.o)
                0x08000ac4                __aeabi_d2uiz
                0x08000ac4                __fixunsdfsi
 *(.text*)
 .text.DAC_init
                0x08000b04      0x11c ./Core/Src/dac.o
                0x08000b04                DAC_init
 .text.DAC_Volt_Conv
                0x08000c20       0x30 ./Core/Src/dac.o
                0x08000c20                DAC_Volt_Conv
 .text.DAC_Write
                0x08000c50       0x58 ./Core/Src/dac.o
                0x08000c50                DAC_Write
 .text.keypad_Setup
                0x08000ca8       0x70 ./Core/Src/keypad.o
                0x08000ca8                keypad_Setup
 .text.keypad_Reset
                0x08000d18       0x1c ./Core/Src/keypad.o
                0x08000d18                keypad_Reset
 .text.keypad_Read
                0x08000d34      0x114 ./Core/Src/keypad.o
                0x08000d34                keypad_Read
 .text.main     0x08000e48      0x550 ./Core/Src/main.o
                0x08000e48                main
 .text.TIM2_IRQHandler
                0x08001398      0x128 ./Core/Src/main.o
                0x08001398                TIM2_IRQHandler
 .text.SystemClock_Config
                0x080014c0       0x8c ./Core/Src/main.o
                0x080014c0                SystemClock_Config
 .text.Error_Handler
                0x0800154c        0xc ./Core/Src/main.o
                0x0800154c                Error_Handler
 .text.HAL_MspInit
                0x08001558       0x48 ./Core/Src/stm32l4xx_hal_msp.o
                0x08001558                HAL_MspInit
 .text.NMI_Handler
                0x080015a0        0x8 ./Core/Src/stm32l4xx_it.o
                0x080015a0                NMI_Handler
 .text.HardFault_Handler
                0x080015a8        0x8 ./Core/Src/stm32l4xx_it.o
                0x080015a8                HardFault_Handler
 .text.MemManage_Handler
                0x080015b0        0x8 ./Core/Src/stm32l4xx_it.o
                0x080015b0                MemManage_Handler
 .text.BusFault_Handler
                0x080015b8        0x8 ./Core/Src/stm32l4xx_it.o
                0x080015b8                BusFault_Handler
 .text.UsageFault_Handler
                0x080015c0        0x8 ./Core/Src/stm32l4xx_it.o
                0x080015c0                UsageFault_Handler
 .text.SVC_Handler
                0x080015c8        0xe ./Core/Src/stm32l4xx_it.o
                0x080015c8                SVC_Handler
 .text.DebugMon_Handler
                0x080015d6        0xe ./Core/Src/stm32l4xx_it.o
                0x080015d6                DebugMon_Handler
 .text.PendSV_Handler
                0x080015e4        0xe ./Core/Src/stm32l4xx_it.o
                0x080015e4                PendSV_Handler
 .text.SysTick_Handler
                0x080015f2        0xc ./Core/Src/stm32l4xx_it.o
                0x080015f2                SysTick_Handler
 *fill*         0x080015fe        0x2 
 .text.SystemInit
                0x08001600       0x24 ./Core/Src/system_stm32l4xx.o
                0x08001600                SystemInit
 .text.Reset_Handler
                0x08001624       0x50 ./Core/Startup/startup_stm32l476rgtx.o
                0x08001624                Reset_Handler
 .text.Default_Handler
                0x08001674        0x2 ./Core/Startup/startup_stm32l476rgtx.o
                0x08001674                RTC_Alarm_IRQHandler
                0x08001674                EXTI2_IRQHandler
                0x08001674                TIM8_TRG_COM_IRQHandler
                0x08001674                TIM8_CC_IRQHandler
                0x08001674                TIM1_CC_IRQHandler
                0x08001674                TSC_IRQHandler
                0x08001674                TAMP_STAMP_IRQHandler
                0x08001674                EXTI3_IRQHandler
                0x08001674                LPTIM2_IRQHandler
                0x08001674                DFSDM1_FLT1_IRQHandler
                0x08001674                I2C3_ER_IRQHandler
                0x08001674                DFSDM1_FLT2_IRQHandler
                0x08001674                EXTI0_IRQHandler
                0x08001674                I2C2_EV_IRQHandler
                0x08001674                CAN1_RX0_IRQHandler
                0x08001674                FPU_IRQHandler
                0x08001674                TIM1_UP_TIM16_IRQHandler
                0x08001674                ADC1_2_IRQHandler
                0x08001674                SPI1_IRQHandler
                0x08001674                TIM6_DAC_IRQHandler
                0x08001674                TIM8_UP_IRQHandler
                0x08001674                DMA2_Channel2_IRQHandler
                0x08001674                DMA1_Channel4_IRQHandler
                0x08001674                SAI2_IRQHandler
                0x08001674                DFSDM1_FLT3_IRQHandler
                0x08001674                USART3_IRQHandler
                0x08001674                DMA1_Channel7_IRQHandler
                0x08001674                CAN1_RX1_IRQHandler
                0x08001674                LCD_IRQHandler
                0x08001674                UART5_IRQHandler
                0x08001674                ADC3_IRQHandler
                0x08001674                TIM4_IRQHandler
                0x08001674                DMA2_Channel1_IRQHandler
                0x08001674                QUADSPI_IRQHandler
                0x08001674                I2C1_EV_IRQHandler
                0x08001674                DMA1_Channel6_IRQHandler
                0x08001674                UART4_IRQHandler
                0x08001674                DMA2_Channel4_IRQHandler
                0x08001674                TIM3_IRQHandler
                0x08001674                RCC_IRQHandler
                0x08001674                DMA1_Channel1_IRQHandler
                0x08001674                Default_Handler
                0x08001674                DMA2_Channel7_IRQHandler
                0x08001674                EXTI15_10_IRQHandler
                0x08001674                TIM7_IRQHandler
                0x08001674                SDMMC1_IRQHandler
                0x08001674                TIM5_IRQHandler
                0x08001674                I2C3_EV_IRQHandler
                0x08001674                EXTI9_5_IRQHandler
                0x08001674                RTC_WKUP_IRQHandler
                0x08001674                PVD_PVM_IRQHandler
                0x08001674                SPI2_IRQHandler
                0x08001674                CAN1_TX_IRQHandler
                0x08001674                DMA2_Channel5_IRQHandler
                0x08001674                DMA1_Channel5_IRQHandler
                0x08001674                EXTI4_IRQHandler
                0x08001674                RNG_IRQHandler
                0x08001674                TIM1_TRG_COM_TIM17_IRQHandler
                0x08001674                DMA1_Channel3_IRQHandler
                0x08001674                COMP_IRQHandler
                0x08001674                WWDG_IRQHandler
                0x08001674                LPUART1_IRQHandler
                0x08001674                DMA2_Channel6_IRQHandler
                0x08001674                EXTI1_IRQHandler
                0x08001674                USART2_IRQHandler
                0x08001674                DFSDM1_FLT0_IRQHandler
                0x08001674                I2C2_ER_IRQHandler
                0x08001674                DMA1_Channel2_IRQHandler
                0x08001674                TIM8_BRK_IRQHandler
                0x08001674                CAN1_SCE_IRQHandler
                0x08001674                FLASH_IRQHandler
                0x08001674                USART1_IRQHandler
                0x08001674                OTG_FS_IRQHandler
                0x08001674                SPI3_IRQHandler
                0x08001674                I2C1_ER_IRQHandler
                0x08001674                FMC_IRQHandler
                0x08001674                SWPMI1_IRQHandler
                0x08001674                LPTIM1_IRQHandler
                0x08001674                SAI1_IRQHandler
                0x08001674                DMA2_Channel3_IRQHandler
                0x08001674                TIM1_BRK_TIM15_IRQHandler
 .text.HAL_Init
                0x08001676       0x30 ./Drivers/STM32L4xx_HAL_Driver/Src/stm32l4xx_hal.o
                0x08001676                HAL_Init
 *fill*         0x080016a6        0x2 
 .text.HAL_InitTick
                0x080016a8       0x78 ./Drivers/STM32L4xx_HAL_Driver/Src/stm32l4xx_hal.o
                0x080016a8                HAL_InitTick
 .text.HAL_IncTick
                0x08001720       0x28 ./Drivers/STM32L4xx_HAL_Driver/Src/stm32l4xx_hal.o
                0x08001720                HAL_IncTick
 .text.HAL_GetTick
                0x08001748       0x18 ./Drivers/STM32L4xx_HAL_Driver/Src/stm32l4xx_hal.o
                0x08001748                HAL_GetTick
 .text.__NVIC_SetPriorityGrouping
                0x08001760       0x48 ./Drivers/STM32L4xx_HAL_Driver/Src/stm32l4xx_hal_cortex.o
 .text.__NVIC_GetPriorityGrouping
                0x080017a8       0x1c ./Drivers/STM32L4xx_HAL_Driver/Src/stm32l4xx_hal_cortex.o
 .text.__NVIC_SetPriority
                0x080017c4       0x54 ./Drivers/STM32L4xx_HAL_Driver/Src/stm32l4xx_hal_cortex.o
 .text.NVIC_EncodePriority
                0x08001818       0x66 ./Drivers/STM32L4xx_HAL_Driver/Src/stm32l4xx_hal_cortex.o
 *fill*         0x0800187e        0x2 
 .text.SysTick_Config
                0x08001880       0x44 ./Drivers/STM32L4xx_HAL_Driver/Src/stm32l4xx_hal_cortex.o
 .text.HAL_NVIC_SetPriorityGrouping
                0x080018c4       0x16 ./Drivers/STM32L4xx_HAL_Driver/Src/stm32l4xx_hal_cortex.o
                0x080018c4                HAL_NVIC_SetPriorityGrouping
 .text.HAL_NVIC_SetPriority
                0x080018da       0x38 ./Drivers/STM32L4xx_HAL_Driver/Src/stm32l4xx_hal_cortex.o
                0x080018da                HAL_NVIC_SetPriority
 .text.HAL_SYSTICK_Config
                0x08001912       0x18 ./Drivers/STM32L4xx_HAL_Driver/Src/stm32l4xx_hal_cortex.o
                0x08001912                HAL_SYSTICK_Config
 *fill*         0x0800192a        0x2 
 .text.HAL_PWREx_GetVoltageRange
                0x0800192c       0x1c ./Drivers/STM32L4xx_HAL_Driver/Src/stm32l4xx_hal_pwr_ex.o
                0x0800192c                HAL_PWREx_GetVoltageRange
 .text.HAL_PWREx_ControlVoltageScaling
                0x08001948       0xac ./Drivers/STM32L4xx_HAL_Driver/Src/stm32l4xx_hal_pwr_ex.o
                0x08001948                HAL_PWREx_ControlVoltageScaling
 .text.HAL_RCC_OscConfig
                0x080019f4      0x7b8 ./Drivers/STM32L4xx_HAL_Driver/Src/stm32l4xx_hal_rcc.o
                0x080019f4                HAL_RCC_OscConfig
 .text.HAL_RCC_ClockConfig
                0x080021ac      0x200 ./Drivers/STM32L4xx_HAL_Driver/Src/stm32l4xx_hal_rcc.o
                0x080021ac                HAL_RCC_ClockConfig
 .text.HAL_RCC_GetSysClockFreq
                0x080023ac      0x118 ./Drivers/STM32L4xx_HAL_Driver/Src/stm32l4xx_hal_rcc.o
                0x080023ac                HAL_RCC_GetSysClockFreq
 .text.RCC_SetFlashLatencyFromMSIRange
                0x080024c4       0xc0 ./Drivers/STM32L4xx_HAL_Driver/Src/stm32l4xx_hal_rcc.o
 .text.memset   0x08002584       0x10 C:/ST/STM32CubeIDE_1.15.0/STM32CubeIDE/plugins/com.st.stm32cube.ide.mcu.externaltools.gnu-tools-for-stm32.12.3.rel1.win32_1.0.100.202403111256/tools/bin/../lib/gcc/arm-none-eabi/12.3.1/../../../../arm-none-eabi/lib/thumb/v7e-m+fp/hard\libc_nano.a(libc_a-memset.o)
                0x08002584                memset
 .text.__libc_init_array
                0x08002594       0x48 C:/ST/STM32CubeIDE_1.15.0/STM32CubeIDE/plugins/com.st.stm32cube.ide.mcu.externaltools.gnu-tools-for-stm32.12.3.rel1.win32_1.0.100.202403111256/tools/bin/../lib/gcc/arm-none-eabi/12.3.1/../../../../arm-none-eabi/lib/thumb/v7e-m+fp/hard\libc_nano.a(libc_a-init.o)
                0x08002594                __libc_init_array
 *fill*         0x080025dc        0x4 
 .text.sin      0x080025e0       0xa8 C:/ST/STM32CubeIDE_1.15.0/STM32CubeIDE/plugins/com.st.stm32cube.ide.mcu.externaltools.gnu-tools-for-stm32.12.3.rel1.win32_1.0.100.202403111256/tools/bin/../lib/gcc/arm-none-eabi/12.3.1/../../../../arm-none-eabi/lib/thumb/v7e-m+fp/hard\libm.a(libm_a-s_sin.o)
                0x080025e0                sin
 .text.__kernel_cos
                0x08002688      0x18c C:/ST/STM32CubeIDE_1.15.0/STM32CubeIDE/plugins/com.st.stm32cube.ide.mcu.externaltools.gnu-tools-for-stm32.12.3.rel1.win32_1.0.100.202403111256/tools/bin/../lib/gcc/arm-none-eabi/12.3.1/../../../../arm-none-eabi/lib/thumb/v7e-m+fp/hard\libm.a(libm_a-k_cos.o)
                0x08002688                __kernel_cos
 *fill*         0x08002814        0x4 
 .text.__kernel_sin
                0x08002818      0x174 C:/ST/STM32CubeIDE_1.15.0/STM32CubeIDE/plugins/com.st.stm32cube.ide.mcu.externaltools.gnu-tools-for-stm32.12.3.rel1.win32_1.0.100.202403111256/tools/bin/../lib/gcc/arm-none-eabi/12.3.1/../../../../arm-none-eabi/lib/thumb/v7e-m+fp/hard\libm.a(libm_a-k_sin.o)
                0x08002818                __kernel_sin
 *fill*         0x0800298c        0x4 
 .text.__ieee754_rem_pio2
                0x08002990      0x3f8 C:/ST/STM32CubeIDE_1.15.0/STM32CubeIDE/plugins/com.st.stm32cube.ide.mcu.externaltools.gnu-tools-for-stm32.12.3.rel1.win32_1.0.100.202403111256/tools/bin/../lib/gcc/arm-none-eabi/12.3.1/../../../../arm-none-eabi/lib/thumb/v7e-m+fp/hard\libm.a(libm_a-e_rem_pio2.o)
                0x08002990                __ieee754_rem_pio2
 .text.fabs     0x08002d88       0x10 C:/ST/STM32CubeIDE_1.15.0/STM32CubeIDE/plugins/com.st.stm32cube.ide.mcu.externaltools.gnu-tools-for-stm32.12.3.rel1.win32_1.0.100.202403111256/tools/bin/../lib/gcc/arm-none-eabi/12.3.1/../../../../arm-none-eabi/lib/thumb/v7e-m+fp/hard\libm.a(libm_a-s_fabs.o)
                0x08002d88                fabs
 .text.__kernel_rem_pio2
                0x08002d98      0x6b0 C:/ST/STM32CubeIDE_1.15.0/STM32CubeIDE/plugins/com.st.stm32cube.ide.mcu.externaltools.gnu-tools-for-stm32.12.3.rel1.win32_1.0.100.202403111256/tools/bin/../lib/gcc/arm-none-eabi/12.3.1/../../../../arm-none-eabi/lib/thumb/v7e-m+fp/hard\libm.a(libm_a-k_rem_pio2.o)
                0x08002d98                __kernel_rem_pio2
 .text.scalbn   0x08003448       0xfc C:/ST/STM32CubeIDE_1.15.0/STM32CubeIDE/plugins/com.st.stm32cube.ide.mcu.externaltools.gnu-tools-for-stm32.12.3.rel1.win32_1.0.100.202403111256/tools/bin/../lib/gcc/arm-none-eabi/12.3.1/../../../../arm-none-eabi/lib/thumb/v7e-m+fp/hard\libm.a(libm_a-s_scalbn.o)
                0x08003448                scalbn
 *fill*         0x08003544        0x4 
 .text.floor    0x08003548       0xf8 C:/ST/STM32CubeIDE_1.15.0/STM32CubeIDE/plugins/com.st.stm32cube.ide.mcu.externaltools.gnu-tools-for-stm32.12.3.rel1.win32_1.0.100.202403111256/tools/bin/../lib/gcc/arm-none-eabi/12.3.1/../../../../arm-none-eabi/lib/thumb/v7e-m+fp/hard\libm.a(libm_a-s_floor.o)
                0x08003548                floor
 *(.glue_7)
 .glue_7        0x08003640        0x0 linker stubs
 *(.glue_7t)
 .glue_7t       0x08003640        0x0 linker stubs
 *(.eh_frame)
 .eh_frame      0x08003640        0x0 C:/ST/STM32CubeIDE_1.15.0/STM32CubeIDE/plugins/com.st.stm32cube.ide.mcu.externaltools.gnu-tools-for-stm32.12.3.rel1.win32_1.0.100.202403111256/tools/bin/../lib/gcc/arm-none-eabi/12.3.1/thumb/v7e-m+fp/hard/crtbegin.o
 *(.init)
 .init          0x08003640        0x4 C:/ST/STM32CubeIDE_1.15.0/STM32CubeIDE/plugins/com.st.stm32cube.ide.mcu.externaltools.gnu-tools-for-stm32.12.3.rel1.win32_1.0.100.202403111256/tools/bin/../lib/gcc/arm-none-eabi/12.3.1/thumb/v7e-m+fp/hard/crti.o
                0x08003640                _init
 .init          0x08003644        0x8 C:/ST/STM32CubeIDE_1.15.0/STM32CubeIDE/plugins/com.st.stm32cube.ide.mcu.externaltools.gnu-tools-for-stm32.12.3.rel1.win32_1.0.100.202403111256/tools/bin/../lib/gcc/arm-none-eabi/12.3.1/thumb/v7e-m+fp/hard/crtn.o
 *(.fini)
 .fini          0x0800364c        0x4 C:/ST/STM32CubeIDE_1.15.0/STM32CubeIDE/plugins/com.st.stm32cube.ide.mcu.externaltools.gnu-tools-for-stm32.12.3.rel1.win32_1.0.100.202403111256/tools/bin/../lib/gcc/arm-none-eabi/12.3.1/thumb/v7e-m+fp/hard/crti.o
                0x0800364c                _fini
 .fini          0x08003650        0x8 C:/ST/STM32CubeIDE_1.15.0/STM32CubeIDE/plugins/com.st.stm32cube.ide.mcu.externaltools.gnu-tools-for-stm32.12.3.rel1.win32_1.0.100.202403111256/tools/bin/../lib/gcc/arm-none-eabi/12.3.1/thumb/v7e-m+fp/hard/crtn.o
                0x08003658                        . = ALIGN (0x4)
                0x08003658                        _etext = .

.vfp11_veneer   0x08003658        0x0
 .vfp11_veneer  0x08003658        0x0 linker stubs

.v4_bx          0x08003658        0x0
 .v4_bx         0x08003658        0x0 linker stubs

.iplt           0x08003658        0x0
 .iplt          0x08003658        0x0 C:/ST/STM32CubeIDE_1.15.0/STM32CubeIDE/plugins/com.st.stm32cube.ide.mcu.externaltools.gnu-tools-for-stm32.12.3.rel1.win32_1.0.100.202403111256/tools/bin/../lib/gcc/arm-none-eabi/12.3.1/thumb/v7e-m+fp/hard/crtbegin.o

.rodata         0x08003658      0x228
                0x08003658                        . = ALIGN (0x4)
 *(.rodata)
 *(.rodata*)
 .rodata.btns   0x08003658       0x10 ./Core/Src/keypad.o
 .rodata.AHBPrescTable
                0x08003668       0x10 ./Core/Src/system_stm32l4xx.o
                0x08003668                AHBPrescTable
 .rodata.MSIRangeTable
                0x08003678       0x30 ./Core/Src/system_stm32l4xx.o
                0x08003678                MSIRangeTable
 .rodata.npio2_hw
                0x080036a8       0x80 C:/ST/STM32CubeIDE_1.15.0/STM32CubeIDE/plugins/com.st.stm32cube.ide.mcu.externaltools.gnu-tools-for-stm32.12.3.rel1.win32_1.0.100.202403111256/tools/bin/../lib/gcc/arm-none-eabi/12.3.1/../../../../arm-none-eabi/lib/thumb/v7e-m+fp/hard\libm.a(libm_a-e_rem_pio2.o)
 .rodata.two_over_pi
                0x08003728      0x108 C:/ST/STM32CubeIDE_1.15.0/STM32CubeIDE/plugins/com.st.stm32cube.ide.mcu.externaltools.gnu-tools-for-stm32.12.3.rel1.win32_1.0.100.202403111256/tools/bin/../lib/gcc/arm-none-eabi/12.3.1/../../../../arm-none-eabi/lib/thumb/v7e-m+fp/hard\libm.a(libm_a-e_rem_pio2.o)
 .rodata.PIo2   0x08003830       0x40 C:/ST/STM32CubeIDE_1.15.0/STM32CubeIDE/plugins/com.st.stm32cube.ide.mcu.externaltools.gnu-tools-for-stm32.12.3.rel1.win32_1.0.100.202403111256/tools/bin/../lib/gcc/arm-none-eabi/12.3.1/../../../../arm-none-eabi/lib/thumb/v7e-m+fp/hard\libm.a(libm_a-k_rem_pio2.o)
 .rodata.init_jk
                0x08003870       0x10 C:/ST/STM32CubeIDE_1.15.0/STM32CubeIDE/plugins/com.st.stm32cube.ide.mcu.externaltools.gnu-tools-for-stm32.12.3.rel1.win32_1.0.100.202403111256/tools/bin/../lib/gcc/arm-none-eabi/12.3.1/../../../../arm-none-eabi/lib/thumb/v7e-m+fp/hard\libm.a(libm_a-k_rem_pio2.o)
                0x08003880                        . = ALIGN (0x4)

.ARM.extab      0x08003880        0x0
                0x08003880                        . = ALIGN (0x4)
 *(.ARM.extab* .gnu.linkonce.armextab.*)
                0x08003880                        . = ALIGN (0x4)

.ARM            0x08003880        0x0
                0x08003880                        . = ALIGN (0x4)
                0x08003880                        __exidx_start = .
 *(.ARM.exidx*)
                0x08003880                        __exidx_end = .
                0x08003880                        . = ALIGN (0x4)

.preinit_array  0x08003880        0x0
                0x08003880                        . = ALIGN (0x4)
                0x08003880                        PROVIDE (__preinit_array_start = .)
 *(.preinit_array*)
                0x08003880                        PROVIDE (__preinit_array_end = .)
                0x08003880                        . = ALIGN (0x4)

.init_array     0x08003880        0x4
                0x08003880                        . = ALIGN (0x4)
                0x08003880                        PROVIDE (__init_array_start = .)
 *(SORT_BY_NAME(.init_array.*))
 *(.init_array*)
 .init_array    0x08003880        0x4 C:/ST/STM32CubeIDE_1.15.0/STM32CubeIDE/plugins/com.st.stm32cube.ide.mcu.externaltools.gnu-tools-for-stm32.12.3.rel1.win32_1.0.100.202403111256/tools/bin/../lib/gcc/arm-none-eabi/12.3.1/thumb/v7e-m+fp/hard/crtbegin.o
                0x08003884                        PROVIDE (__init_array_end = .)
                0x08003884                        . = ALIGN (0x4)

.fini_array     0x08003884        0x4
                0x08003884                        . = ALIGN (0x4)
                [!provide]                        PROVIDE (__fini_array_start = .)
 *(SORT_BY_NAME(.fini_array.*))
 *(.fini_array*)
 .fini_array    0x08003884        0x4 C:/ST/STM32CubeIDE_1.15.0/STM32CubeIDE/plugins/com.st.stm32cube.ide.mcu.externaltools.gnu-tools-for-stm32.12.3.rel1.win32_1.0.100.202403111256/tools/bin/../lib/gcc/arm-none-eabi/12.3.1/thumb/v7e-m+fp/hard/crtbegin.o
                [!provide]                        PROVIDE (__fini_array_end = .)
                0x08003888                        . = ALIGN (0x4)
                0x08003888                        _sidata = LOADADDR (.data)

.rel.dyn        0x08003888        0x0
 .rel.iplt      0x08003888        0x0 C:/ST/STM32CubeIDE_1.15.0/STM32CubeIDE/plugins/com.st.stm32cube.ide.mcu.externaltools.gnu-tools-for-stm32.12.3.rel1.win32_1.0.100.202403111256/tools/bin/../lib/gcc/arm-none-eabi/12.3.1/thumb/v7e-m+fp/hard/crtbegin.o

.data           0x20000000        0xc load address 0x08003888
                0x20000000                        . = ALIGN (0x4)
                0x20000000                        _sdata = .
 *(.data)
 *(.data*)
 .data.SystemCoreClock
                0x20000000        0x4 ./Core/Src/system_stm32l4xx.o
                0x20000000                SystemCoreClock
 .data.uwTickPrio
                0x20000004        0x4 ./Drivers/STM32L4xx_HAL_Driver/Src/stm32l4xx_hal.o
                0x20000004                uwTickPrio
 .data.uwTickFreq
                0x20000008        0x1 ./Drivers/STM32L4xx_HAL_Driver/Src/stm32l4xx_hal.o
                0x20000008                uwTickFreq
 *(.RamFunc)
 *(.RamFunc*)
                0x2000000c                        . = ALIGN (0x4)
 *fill*         0x20000009        0x3 
                0x2000000c                        _edata = .

.igot.plt       0x2000000c        0x0 load address 0x08003894
 .igot.plt      0x2000000c        0x0 C:/ST/STM32CubeIDE_1.15.0/STM32CubeIDE/plugins/com.st.stm32cube.ide.mcu.externaltools.gnu-tools-for-stm32.12.3.rel1.win32_1.0.100.202403111256/tools/bin/../lib/gcc/arm-none-eabi/12.3.1/thumb/v7e-m+fp/hard/crtbegin.o
                0x2000000c                        . = ALIGN (0x4)

.bss            0x2000000c      0x4dc load address 0x08003894
                0x2000000c                        _sbss = .
                0x2000000c                        __bss_start__ = _sbss
 *(.bss)
 .bss           0x2000000c       0x1c C:/ST/STM32CubeIDE_1.15.0/STM32CubeIDE/plugins/com.st.stm32cube.ide.mcu.externaltools.gnu-tools-for-stm32.12.3.rel1.win32_1.0.100.202403111256/tools/bin/../lib/gcc/arm-none-eabi/12.3.1/thumb/v7e-m+fp/hard/crtbegin.o
 *(.bss*)
 .bss.LUT_select
                0x20000028        0x1 ./Core/Src/main.o
 *fill*         0x20000029        0x1 
 .bss.FREQ_select
                0x2000002a        0x2 ./Core/Src/main.o
 .bss.DUTY_select
                0x2000002c        0x1 ./Core/Src/main.o
 .bss.DUTY_cnt  0x2000002d        0x1 ./Core/Src/main.o
 *fill*         0x2000002e        0x2 
 .bss.LUT_arr   0x20000030      0x4b0 ./Core/Src/main.o
 .bss.LUT_iter  0x200004e0        0x1 ./Core/Src/main.o
 *fill*         0x200004e1        0x3 
 .bss.uwTick    0x200004e4        0x4 ./Drivers/STM32L4xx_HAL_Driver/Src/stm32l4xx_hal.o
                0x200004e4                uwTick
 *(COMMON)
                0x200004e8                        . = ALIGN (0x4)
                0x200004e8                        _ebss = .
                0x200004e8                        __bss_end__ = _ebss

._user_heap_stack
                0x200004e8      0x600 load address 0x08003894
                0x200004e8                        . = ALIGN (0x8)
                [!provide]                        PROVIDE (end = .)
                0x200004e8                        PROVIDE (_end = .)
                0x200006e8                        . = (. + _Min_Heap_Size)
 *fill*         0x200004e8      0x200 
                0x20000ae8                        . = (. + _Min_Stack_Size)
 *fill*         0x200006e8      0x400 
                0x20000ae8                        . = ALIGN (0x8)

/DISCARD/
 libc.a(*)
 libm.a(*)
 libgcc.a(*)

.ARM.attributes
                0x00000000       0x30
 *(.ARM.attributes)
 .ARM.attributes
                0x00000000       0x22 C:/ST/STM32CubeIDE_1.15.0/STM32CubeIDE/plugins/com.st.stm32cube.ide.mcu.externaltools.gnu-tools-for-stm32.12.3.rel1.win32_1.0.100.202403111256/tools/bin/../lib/gcc/arm-none-eabi/12.3.1/thumb/v7e-m+fp/hard/crti.o
 .ARM.attributes
                0x00000022       0x34 C:/ST/STM32CubeIDE_1.15.0/STM32CubeIDE/plugins/com.st.stm32cube.ide.mcu.externaltools.gnu-tools-for-stm32.12.3.rel1.win32_1.0.100.202403111256/tools/bin/../lib/gcc/arm-none-eabi/12.3.1/thumb/v7e-m+fp/hard/crtbegin.o
 .ARM.attributes
                0x00000056       0x34 ./Core/Src/dac.o
 .ARM.attributes
                0x0000008a       0x34 ./Core/Src/keypad.o
 .ARM.attributes
                0x000000be       0x34 ./Core/Src/main.o
 .ARM.attributes
                0x000000f2       0x34 ./Core/Src/stm32l4xx_hal_msp.o
 .ARM.attributes
                0x00000126       0x34 ./Core/Src/stm32l4xx_it.o
 .ARM.attributes
                0x0000015a       0x34 ./Core/Src/system_stm32l4xx.o
 .ARM.attributes
                0x0000018e       0x21 ./Core/Startup/startup_stm32l476rgtx.o
 .ARM.attributes
                0x000001af       0x34 ./Drivers/STM32L4xx_HAL_Driver/Src/stm32l4xx_hal.o
 .ARM.attributes
                0x000001e3       0x34 ./Drivers/STM32L4xx_HAL_Driver/Src/stm32l4xx_hal_cortex.o
 .ARM.attributes
                0x00000217       0x34 ./Drivers/STM32L4xx_HAL_Driver/Src/stm32l4xx_hal_pwr_ex.o
 .ARM.attributes
                0x0000024b       0x34 ./Drivers/STM32L4xx_HAL_Driver/Src/stm32l4xx_hal_rcc.o
 .ARM.attributes
                0x0000027f       0x34 C:/ST/STM32CubeIDE_1.15.0/STM32CubeIDE/plugins/com.st.stm32cube.ide.mcu.externaltools.gnu-tools-for-stm32.12.3.rel1.win32_1.0.100.202403111256/tools/bin/../lib/gcc/arm-none-eabi/12.3.1/../../../../arm-none-eabi/lib/thumb/v7e-m+fp/hard\libc_nano.a(libc_a-memset.o)
 .ARM.attributes
                0x000002b3       0x34 C:/ST/STM32CubeIDE_1.15.0/STM32CubeIDE/plugins/com.st.stm32cube.ide.mcu.externaltools.gnu-tools-for-stm32.12.3.rel1.win32_1.0.100.202403111256/tools/bin/../lib/gcc/arm-none-eabi/12.3.1/../../../../arm-none-eabi/lib/thumb/v7e-m+fp/hard\libc_nano.a(libc_a-init.o)
 .ARM.attributes
                0x000002e7       0x34 C:/ST/STM32CubeIDE_1.15.0/STM32CubeIDE/plugins/com.st.stm32cube.ide.mcu.externaltools.gnu-tools-for-stm32.12.3.rel1.win32_1.0.100.202403111256/tools/bin/../lib/gcc/arm-none-eabi/12.3.1/../../../../arm-none-eabi/lib/thumb/v7e-m+fp/hard\libm.a(libm_a-s_sin.o)
 .ARM.attributes
                0x0000031b       0x34 C:/ST/STM32CubeIDE_1.15.0/STM32CubeIDE/plugins/com.st.stm32cube.ide.mcu.externaltools.gnu-tools-for-stm32.12.3.rel1.win32_1.0.100.202403111256/tools/bin/../lib/gcc/arm-none-eabi/12.3.1/../../../../arm-none-eabi/lib/thumb/v7e-m+fp/hard\libm.a(libm_a-k_cos.o)
 .ARM.attributes
                0x0000034f       0x34 C:/ST/STM32CubeIDE_1.15.0/STM32CubeIDE/plugins/com.st.stm32cube.ide.mcu.externaltools.gnu-tools-for-stm32.12.3.rel1.win32_1.0.100.202403111256/tools/bin/../lib/gcc/arm-none-eabi/12.3.1/../../../../arm-none-eabi/lib/thumb/v7e-m+fp/hard\libm.a(libm_a-k_sin.o)
 .ARM.attributes
                0x00000383       0x34 C:/ST/STM32CubeIDE_1.15.0/STM32CubeIDE/plugins/com.st.stm32cube.ide.mcu.externaltools.gnu-tools-for-stm32.12.3.rel1.win32_1.0.100.202403111256/tools/bin/../lib/gcc/arm-none-eabi/12.3.1/../../../../arm-none-eabi/lib/thumb/v7e-m+fp/hard\libm.a(libm_a-e_rem_pio2.o)
 .ARM.attributes
                0x000003b7       0x34 C:/ST/STM32CubeIDE_1.15.0/STM32CubeIDE/plugins/com.st.stm32cube.ide.mcu.externaltools.gnu-tools-for-stm32.12.3.rel1.win32_1.0.100.202403111256/tools/bin/../lib/gcc/arm-none-eabi/12.3.1/../../../../arm-none-eabi/lib/thumb/v7e-m+fp/hard\libm.a(libm_a-s_fabs.o)
 .ARM.attributes
                0x000003eb       0x34 C:/ST/STM32CubeIDE_1.15.0/STM32CubeIDE/plugins/com.st.stm32cube.ide.mcu.externaltools.gnu-tools-for-stm32.12.3.rel1.win32_1.0.100.202403111256/tools/bin/../lib/gcc/arm-none-eabi/12.3.1/../../../../arm-none-eabi/lib/thumb/v7e-m+fp/hard\libm.a(libm_a-k_rem_pio2.o)
 .ARM.attributes
                0x0000041f       0x34 C:/ST/STM32CubeIDE_1.15.0/STM32CubeIDE/plugins/com.st.stm32cube.ide.mcu.externaltools.gnu-tools-for-stm32.12.3.rel1.win32_1.0.100.202403111256/tools/bin/../lib/gcc/arm-none-eabi/12.3.1/../../../../arm-none-eabi/lib/thumb/v7e-m+fp/hard\libm.a(libm_a-s_scalbn.o)
 .ARM.attributes
                0x00000453       0x34 C:/ST/STM32CubeIDE_1.15.0/STM32CubeIDE/plugins/com.st.stm32cube.ide.mcu.externaltools.gnu-tools-for-stm32.12.3.rel1.win32_1.0.100.202403111256/tools/bin/../lib/gcc/arm-none-eabi/12.3.1/../../../../arm-none-eabi/lib/thumb/v7e-m+fp/hard\libm.a(libm_a-s_floor.o)
 .ARM.attributes
                0x00000487       0x22 C:/ST/STM32CubeIDE_1.15.0/STM32CubeIDE/plugins/com.st.stm32cube.ide.mcu.externaltools.gnu-tools-for-stm32.12.3.rel1.win32_1.0.100.202403111256/tools/bin/../lib/gcc/arm-none-eabi/12.3.1/thumb/v7e-m+fp/hard\libgcc.a(_arm_addsubdf3.o)
 .ARM.attributes
                0x000004a9       0x22 C:/ST/STM32CubeIDE_1.15.0/STM32CubeIDE/plugins/com.st.stm32cube.ide.mcu.externaltools.gnu-tools-for-stm32.12.3.rel1.win32_1.0.100.202403111256/tools/bin/../lib/gcc/arm-none-eabi/12.3.1/thumb/v7e-m+fp/hard\libgcc.a(_arm_muldivdf3.o)
 .ARM.attributes
                0x000004cb       0x22 C:/ST/STM32CubeIDE_1.15.0/STM32CubeIDE/plugins/com.st.stm32cube.ide.mcu.externaltools.gnu-tools-for-stm32.12.3.rel1.win32_1.0.100.202403111256/tools/bin/../lib/gcc/arm-none-eabi/12.3.1/thumb/v7e-m+fp/hard\libgcc.a(_arm_cmpdf2.o)
 .ARM.attributes
                0x000004ed       0x22 C:/ST/STM32CubeIDE_1.15.0/STM32CubeIDE/plugins/com.st.stm32cube.ide.mcu.externaltools.gnu-tools-for-stm32.12.3.rel1.win32_1.0.100.202403111256/tools/bin/../lib/gcc/arm-none-eabi/12.3.1/thumb/v7e-m+fp/hard\libgcc.a(_arm_fixdfsi.o)
 .ARM.attributes
                0x0000050f       0x22 C:/ST/STM32CubeIDE_1.15.0/STM32CubeIDE/plugins/com.st.stm32cube.ide.mcu.externaltools.gnu-tools-for-stm32.12.3.rel1.win32_1.0.100.202403111256/tools/bin/../lib/gcc/arm-none-eabi/12.3.1/thumb/v7e-m+fp/hard\libgcc.a(_arm_fixunsdfsi.o)
 .ARM.attributes
                0x00000531       0x22 C:/ST/STM32CubeIDE_1.15.0/STM32CubeIDE/plugins/com.st.stm32cube.ide.mcu.externaltools.gnu-tools-for-stm32.12.3.rel1.win32_1.0.100.202403111256/tools/bin/../lib/gcc/arm-none-eabi/12.3.1/thumb/v7e-m+fp/hard/crtn.o
OUTPUT(CPE316_Project1.elf elf32-littlearm)
LOAD linker stubs
LOAD C:/ST/STM32CubeIDE_1.15.0/STM32CubeIDE/plugins/com.st.stm32cube.ide.mcu.externaltools.gnu-tools-for-stm32.12.3.rel1.win32_1.0.100.202403111256/tools/bin/../lib/gcc/arm-none-eabi/12.3.1/../../../../arm-none-eabi/lib/thumb/v7e-m+fp/hard\libc.a
LOAD C:/ST/STM32CubeIDE_1.15.0/STM32CubeIDE/plugins/com.st.stm32cube.ide.mcu.externaltools.gnu-tools-for-stm32.12.3.rel1.win32_1.0.100.202403111256/tools/bin/../lib/gcc/arm-none-eabi/12.3.1/../../../../arm-none-eabi/lib/thumb/v7e-m+fp/hard\libm.a
LOAD C:/ST/STM32CubeIDE_1.15.0/STM32CubeIDE/plugins/com.st.stm32cube.ide.mcu.externaltools.gnu-tools-for-stm32.12.3.rel1.win32_1.0.100.202403111256/tools/bin/../lib/gcc/arm-none-eabi/12.3.1/thumb/v7e-m+fp/hard\libgcc.a

.debug_info     0x00000000     0x4c61
 .debug_info    0x00000000      0x445 ./Core/Src/dac.o
 .debug_info    0x00000445      0x406 ./Core/Src/keypad.o
 .debug_info    0x0000084b      0xc80 ./Core/Src/main.o
 .debug_info    0x000014cb      0x2b9 ./Core/Src/stm32l4xx_hal_msp.o
 .debug_info    0x00001784      0x113 ./Core/Src/stm32l4xx_it.o
 .debug_info    0x00001897      0x5b1 ./Core/Src/system_stm32l4xx.o
 .debug_info    0x00001e48       0x30 ./Core/Startup/startup_stm32l476rgtx.o
 .debug_info    0x00001e78      0xaeb ./Drivers/STM32L4xx_HAL_Driver/Src/stm32l4xx_hal.o
 .debug_info    0x00002963      0xd4c ./Drivers/STM32L4xx_HAL_Driver/Src/stm32l4xx_hal_cortex.o
 .debug_info    0x000036af      0x99e ./Drivers/STM32L4xx_HAL_Driver/Src/stm32l4xx_hal_pwr_ex.o
 .debug_info    0x0000404d      0xc14 ./Drivers/STM32L4xx_HAL_Driver/Src/stm32l4xx_hal_rcc.o

.debug_abbrev   0x00000000     0x117a
 .debug_abbrev  0x00000000      0x117 ./Core/Src/dac.o
 .debug_abbrev  0x00000117      0x107 ./Core/Src/keypad.o
 .debug_abbrev  0x0000021e      0x2b8 ./Core/Src/main.o
 .debug_abbrev  0x000004d6       0xc6 ./Core/Src/stm32l4xx_hal_msp.o
 .debug_abbrev  0x0000059c       0x73 ./Core/Src/stm32l4xx_it.o
 .debug_abbrev  0x0000060f      0x11a ./Core/Src/system_stm32l4xx.o
 .debug_abbrev  0x00000729       0x24 ./Core/Startup/startup_stm32l476rgtx.o
 .debug_abbrev  0x0000074d      0x242 ./Drivers/STM32L4xx_HAL_Driver/Src/stm32l4xx_hal.o
 .debug_abbrev  0x0000098f      0x327 ./Drivers/STM32L4xx_HAL_Driver/Src/stm32l4xx_hal_cortex.o
 .debug_abbrev  0x00000cb6      0x1f9 ./Drivers/STM32L4xx_HAL_Driver/Src/stm32l4xx_hal_pwr_ex.o
 .debug_abbrev  0x00000eaf      0x2cb ./Drivers/STM32L4xx_HAL_Driver/Src/stm32l4xx_hal_rcc.o

.debug_aranges  0x00000000      0x5a0
 .debug_aranges
                0x00000000       0x30 ./Core/Src/dac.o
 .debug_aranges
                0x00000030       0x30 ./Core/Src/keypad.o
 .debug_aranges
                0x00000060       0x38 ./Core/Src/main.o
 .debug_aranges
                0x00000098       0x20 ./Core/Src/stm32l4xx_hal_msp.o
 .debug_aranges
                0x000000b8       0x60 ./Core/Src/stm32l4xx_it.o
 .debug_aranges
                0x00000118       0x28 ./Core/Src/system_stm32l4xx.o
 .debug_aranges
                0x00000140       0x28 ./Core/Startup/startup_stm32l476rgtx.o
 .debug_aranges
                0x00000168      0x130 ./Drivers/STM32L4xx_HAL_Driver/Src/stm32l4xx_hal.o
 .debug_aranges
                0x00000298      0x118 ./Drivers/STM32L4xx_HAL_Driver/Src/stm32l4xx_hal_cortex.o
 .debug_aranges
                0x000003b0      0x160 ./Drivers/STM32L4xx_HAL_Driver/Src/stm32l4xx_hal_pwr_ex.o
 .debug_aranges
                0x00000510       0x90 ./Drivers/STM32L4xx_HAL_Driver/Src/stm32l4xx_hal_rcc.o

.debug_rnglists
                0x00000000      0x414
 .debug_rnglists
                0x00000000       0x20 ./Core/Src/dac.o
 .debug_rnglists
                0x00000020       0x20 ./Core/Src/keypad.o
 .debug_rnglists
                0x00000040       0x28 ./Core/Src/main.o
 .debug_rnglists
                0x00000068       0x13 ./Core/Src/stm32l4xx_hal_msp.o
 .debug_rnglists
                0x0000007b       0x43 ./Core/Src/stm32l4xx_it.o
 .debug_rnglists
                0x000000be       0x1a ./Core/Src/system_stm32l4xx.o
 .debug_rnglists
                0x000000d8       0x19 ./Core/Startup/startup_stm32l476rgtx.o
 .debug_rnglists
                0x000000f1       0xdf ./Drivers/STM32L4xx_HAL_Driver/Src/stm32l4xx_hal.o
 .debug_rnglists
                0x000001d0       0xce ./Drivers/STM32L4xx_HAL_Driver/Src/stm32l4xx_hal_cortex.o
 .debug_rnglists
                0x0000029e      0x109 ./Drivers/STM32L4xx_HAL_Driver/Src/stm32l4xx_hal_pwr_ex.o
 .debug_rnglists
                0x000003a7       0x6d ./Drivers/STM32L4xx_HAL_Driver/Src/stm32l4xx_hal_rcc.o

.debug_macro    0x00000000    0x24e34
 .debug_macro   0x00000000      0x1ba ./Core/Src/dac.o
 .debug_macro   0x000001ba      0xab4 ./Core/Src/dac.o
 .debug_macro   0x00000c6e      0x19b ./Core/Src/dac.o
 .debug_macro   0x00000e09       0x2e ./Core/Src/dac.o
 .debug_macro   0x00000e37       0x28 ./Core/Src/dac.o
 .debug_macro   0x00000e5f       0x22 ./Core/Src/dac.o
 .debug_macro   0x00000e81       0x8e ./Core/Src/dac.o
 .debug_macro   0x00000f0f       0x51 ./Core/Src/dac.o
 .debug_macro   0x00000f60      0x103 ./Core/Src/dac.o
 .debug_macro   0x00001063       0x6a ./Core/Src/dac.o
 .debug_macro   0x000010cd      0x1df ./Core/Src/dac.o
 .debug_macro   0x000012ac       0x1c ./Core/Src/dac.o
 .debug_macro   0x000012c8       0x22 ./Core/Src/dac.o
 .debug_macro   0x000012ea       0xfb ./Core/Src/dac.o
 .debug_macro   0x000013e5     0x1011 ./Core/Src/dac.o
 .debug_macro   0x000023f6      0x11f ./Core/Src/dac.o
 .debug_macro   0x00002515    0x1a17a ./Core/Src/dac.o
 .debug_macro   0x0001c68f       0x6d ./Core/Src/dac.o
 .debug_macro   0x0001c6fc     0x38e6 ./Core/Src/dac.o
 .debug_macro   0x0001ffe2      0x189 ./Core/Src/dac.o
 .debug_macro   0x0002016b       0x5c ./Core/Src/dac.o
 .debug_macro   0x000201c7     0x159e ./Core/Src/dac.o
 .debug_macro   0x00021765      0x5a5 ./Core/Src/dac.o
 .debug_macro   0x00021d0a      0x1b9 ./Core/Src/dac.o
 .debug_macro   0x00021ec3      0x18b ./Core/Src/dac.o
 .debug_macro   0x0002204e      0x26b ./Core/Src/dac.o
 .debug_macro   0x000222b9      0x23d ./Core/Src/dac.o
 .debug_macro   0x000224f6      0x241 ./Core/Src/dac.o
 .debug_macro   0x00022737      0x37c ./Core/Src/dac.o
 .debug_macro   0x00022ab3       0xd6 ./Core/Src/dac.o
 .debug_macro   0x00022b89      0x122 ./Core/Src/dac.o
 .debug_macro   0x00022cab      0x3ef ./Core/Src/dac.o
 .debug_macro   0x0002309a      0x330 ./Core/Src/dac.o
 .debug_macro   0x000233ca       0x40 ./Core/Src/dac.o
 .debug_macro   0x0002340a       0x52 ./Core/Src/dac.o
 .debug_macro   0x0002345c      0x1b1 ./Core/Src/keypad.o
 .debug_macro   0x0002360d       0x3a ./Core/Src/keypad.o
 .debug_macro   0x00023647      0x2d7 ./Core/Src/main.o
 .debug_macro   0x0002391e       0x61 ./Core/Src/main.o
 .debug_macro   0x0002397f       0x2a ./Core/Src/main.o
 .debug_macro   0x000239a9       0x43 ./Core/Src/main.o
 .debug_macro   0x000239ec       0x34 ./Core/Src/main.o
 .debug_macro   0x00023a20       0x16 ./Core/Src/main.o
 .debug_macro   0x00023a36       0x43 ./Core/Src/main.o
 .debug_macro   0x00023a79       0x34 ./Core/Src/main.o
 .debug_macro   0x00023aad       0x10 ./Core/Src/main.o
 .debug_macro   0x00023abd       0x58 ./Core/Src/main.o
 .debug_macro   0x00023b15       0x8e ./Core/Src/main.o
 .debug_macro   0x00023ba3       0x1c ./Core/Src/main.o
 .debug_macro   0x00023bbf      0x177 ./Core/Src/main.o
 .debug_macro   0x00023d36      0x369 ./Core/Src/main.o
 .debug_macro   0x0002409f      0x19b ./Core/Src/main.o
 .debug_macro   0x0002423a      0x1a2 ./Core/Src/stm32l4xx_hal_msp.o
 .debug_macro   0x000243dc      0x1ac ./Core/Src/stm32l4xx_it.o
 .debug_macro   0x00024588      0x198 ./Core/Src/system_stm32l4xx.o
 .debug_macro   0x00024720      0x1e6 ./Drivers/STM32L4xx_HAL_Driver/Src/stm32l4xx_hal.o
 .debug_macro   0x00024906      0x198 ./Drivers/STM32L4xx_HAL_Driver/Src/stm32l4xx_hal_cortex.o
 .debug_macro   0x00024a9e      0x1bc ./Drivers/STM32L4xx_HAL_Driver/Src/stm32l4xx_hal_pwr_ex.o
 .debug_macro   0x00024c5a      0x1da ./Drivers/STM32L4xx_HAL_Driver/Src/stm32l4xx_hal_rcc.o

.debug_line     0x00000000     0x65a8
 .debug_line    0x00000000      0x7ea ./Core/Src/dac.o
 .debug_line    0x000007ea      0x7df ./Core/Src/keypad.o
 .debug_line    0x00000fc9      0xbba ./Core/Src/main.o
 .debug_line    0x00001b83      0x6eb ./Core/Src/stm32l4xx_hal_msp.o
 .debug_line    0x0000226e      0x7ae ./Core/Src/stm32l4xx_it.o
 .debug_line    0x00002a1c      0x786 ./Core/Src/system_stm32l4xx.o
 .debug_line    0x000031a2       0x7a ./Core/Startup/startup_stm32l476rgtx.o
 .debug_line    0x0000321c      0xae1 ./Drivers/STM32L4xx_HAL_Driver/Src/stm32l4xx_hal.o
 .debug_line    0x00003cfd      0xc80 ./Drivers/STM32L4xx_HAL_Driver/Src/stm32l4xx_hal_cortex.o
 .debug_line    0x0000497d      0xcd3 ./Drivers/STM32L4xx_HAL_Driver/Src/stm32l4xx_hal_pwr_ex.o
 .debug_line    0x00005650      0xf58 ./Drivers/STM32L4xx_HAL_Driver/Src/stm32l4xx_hal_rcc.o

.debug_str      0x00000000    0xe1b7d
 .debug_str     0x00000000    0xdc52a ./Core/Src/dac.o
                              0xdc7db (size before relaxing)
 .debug_str     0x000dc52a       0x53 ./Core/Src/keypad.o
                              0xdc717 (size before relaxing)
 .debug_str     0x000dc57d     0x411c ./Core/Src/main.o
                              0xe09b4 (size before relaxing)
 .debug_str     0x000e0699       0x33 ./Core/Src/stm32l4xx_hal_msp.o
                              0xdc61b (size before relaxing)
 .debug_str     0x000e06cc       0xc9 ./Core/Src/stm32l4xx_it.o
                              0xdc554 (size before relaxing)
 .debug_str     0x000e0795       0xf2 ./Core/Src/system_stm32l4xx.o
                              0xdc6e2 (size before relaxing)
 .debug_str     0x000e0887       0x44 ./Core/Startup/startup_stm32l476rgtx.o
                                 0x87 (size before relaxing)
 .debug_str     0x000e08cb      0x670 ./Drivers/STM32L4xx_HAL_Driver/Src/stm32l4xx_hal.o
                              0xdd275 (size before relaxing)
 .debug_str     0x000e0f3b      0x328 ./Drivers/STM32L4xx_HAL_Driver/Src/stm32l4xx_hal_cortex.o
                              0xdcf29 (size before relaxing)
 .debug_str     0x000e1263      0x52a ./Drivers/STM32L4xx_HAL_Driver/Src/stm32l4xx_hal_pwr_ex.o
                              0xdcc3d (size before relaxing)
 .debug_str     0x000e178d      0x3f0 ./Drivers/STM32L4xx_HAL_Driver/Src/stm32l4xx_hal_rcc.o
                              0xdcd28 (size before relaxing)

.comment        0x00000000       0x43
 .comment       0x00000000       0x43 ./Core/Src/dac.o
                                 0x44 (size before relaxing)
 .comment       0x00000043       0x44 ./Core/Src/keypad.o
 .comment       0x00000043       0x44 ./Core/Src/main.o
 .comment       0x00000043       0x44 ./Core/Src/stm32l4xx_hal_msp.o
 .comment       0x00000043       0x44 ./Core/Src/stm32l4xx_it.o
 .comment       0x00000043       0x44 ./Core/Src/system_stm32l4xx.o
 .comment       0x00000043       0x44 ./Drivers/STM32L4xx_HAL_Driver/Src/stm32l4xx_hal.o
 .comment       0x00000043       0x44 ./Drivers/STM32L4xx_HAL_Driver/Src/stm32l4xx_hal_cortex.o
 .comment       0x00000043       0x44 ./Drivers/STM32L4xx_HAL_Driver/Src/stm32l4xx_hal_pwr_ex.o
 .comment       0x00000043       0x44 ./Drivers/STM32L4xx_HAL_Driver/Src/stm32l4xx_hal_rcc.o

.debug_frame    0x00000000     0x17f8
 .debug_frame   0x00000000       0x80 ./Core/Src/dac.o
 .debug_frame   0x00000080       0x74 ./Core/Src/keypad.o
 .debug_frame   0x000000f4       0x88 ./Core/Src/main.o
 .debug_frame   0x0000017c       0x38 ./Core/Src/stm32l4xx_hal_msp.o
 .debug_frame   0x000001b4      0x104 ./Core/Src/stm32l4xx_it.o
 .debug_frame   0x000002b8       0x58 ./Core/Src/system_stm32l4xx.o
 .debug_frame   0x00000310      0x498 ./Drivers/STM32L4xx_HAL_Driver/Src/stm32l4xx_hal.o
 .debug_frame   0x000007a8      0x498 ./Drivers/STM32L4xx_HAL_Driver/Src/stm32l4xx_hal_cortex.o
 .debug_frame   0x00000c40      0x584 ./Drivers/STM32L4xx_HAL_Driver/Src/stm32l4xx_hal_pwr_ex.o
 .debug_frame   0x000011c4      0x21c ./Drivers/STM32L4xx_HAL_Driver/Src/stm32l4xx_hal_rcc.o
 .debug_frame   0x000013e0       0x20 C:/ST/STM32CubeIDE_1.15.0/STM32CubeIDE/plugins/com.st.stm32cube.ide.mcu.externaltools.gnu-tools-for-stm32.12.3.rel1.win32_1.0.100.202403111256/tools/bin/../lib/gcc/arm-none-eabi/12.3.1/../../../../arm-none-eabi/lib/thumb/v7e-m+fp/hard\libc_nano.a(libc_a-memset.o)
 .debug_frame   0x00001400       0x2c C:/ST/STM32CubeIDE_1.15.0/STM32CubeIDE/plugins/com.st.stm32cube.ide.mcu.externaltools.gnu-tools-for-stm32.12.3.rel1.win32_1.0.100.202403111256/tools/bin/../lib/gcc/arm-none-eabi/12.3.1/../../../../arm-none-eabi/lib/thumb/v7e-m+fp/hard\libc_nano.a(libc_a-init.o)
 .debug_frame   0x0000142c       0x38 C:/ST/STM32CubeIDE_1.15.0/STM32CubeIDE/plugins/com.st.stm32cube.ide.mcu.externaltools.gnu-tools-for-stm32.12.3.rel1.win32_1.0.100.202403111256/tools/bin/../lib/gcc/arm-none-eabi/12.3.1/../../../../arm-none-eabi/lib/thumb/v7e-m+fp/hard\libm.a(libm_a-s_sin.o)
 .debug_frame   0x00001464       0x3c C:/ST/STM32CubeIDE_1.15.0/STM32CubeIDE/plugins/com.st.stm32cube.ide.mcu.externaltools.gnu-tools-for-stm32.12.3.rel1.win32_1.0.100.202403111256/tools/bin/../lib/gcc/arm-none-eabi/12.3.1/../../../../arm-none-eabi/lib/thumb/v7e-m+fp/hard\libm.a(libm_a-k_cos.o)
 .debug_frame   0x000014a0       0x40 C:/ST/STM32CubeIDE_1.15.0/STM32CubeIDE/plugins/com.st.stm32cube.ide.mcu.externaltools.gnu-tools-for-stm32.12.3.rel1.win32_1.0.100.202403111256/tools/bin/../lib/gcc/arm-none-eabi/12.3.1/../../../../arm-none-eabi/lib/thumb/v7e-m+fp/hard\libm.a(libm_a-k_sin.o)
 .debug_frame   0x000014e0       0x40 C:/ST/STM32CubeIDE_1.15.0/STM32CubeIDE/plugins/com.st.stm32cube.ide.mcu.externaltools.gnu-tools-for-stm32.12.3.rel1.win32_1.0.100.202403111256/tools/bin/../lib/gcc/arm-none-eabi/12.3.1/../../../../arm-none-eabi/lib/thumb/v7e-m+fp/hard\libm.a(libm_a-e_rem_pio2.o)
 .debug_frame   0x00001520       0x20 C:/ST/STM32CubeIDE_1.15.0/STM32CubeIDE/plugins/com.st.stm32cube.ide.mcu.externaltools.gnu-tools-for-stm32.12.3.rel1.win32_1.0.100.202403111256/tools/bin/../lib/gcc/arm-none-eabi/12.3.1/../../../../arm-none-eabi/lib/thumb/v7e-m+fp/hard\libm.a(libm_a-s_fabs.o)
 .debug_frame   0x00001540       0x54 C:/ST/STM32CubeIDE_1.15.0/STM32CubeIDE/plugins/com.st.stm32cube.ide.mcu.externaltools.gnu-tools-for-stm32.12.3.rel1.win32_1.0.100.202403111256/tools/bin/../lib/gcc/arm-none-eabi/12.3.1/../../../../arm-none-eabi/lib/thumb/v7e-m+fp/hard\libm.a(libm_a-k_rem_pio2.o)
 .debug_frame   0x00001594       0x2c C:/ST/STM32CubeIDE_1.15.0/STM32CubeIDE/plugins/com.st.stm32cube.ide.mcu.externaltools.gnu-tools-for-stm32.12.3.rel1.win32_1.0.100.202403111256/tools/bin/../lib/gcc/arm-none-eabi/12.3.1/../../../../arm-none-eabi/lib/thumb/v7e-m+fp/hard\libm.a(libm_a-s_scalbn.o)
 .debug_frame   0x000015c0       0x30 C:/ST/STM32CubeIDE_1.15.0/STM32CubeIDE/plugins/com.st.stm32cube.ide.mcu.externaltools.gnu-tools-for-stm32.12.3.rel1.win32_1.0.100.202403111256/tools/bin/../lib/gcc/arm-none-eabi/12.3.1/../../../../arm-none-eabi/lib/thumb/v7e-m+fp/hard\libm.a(libm_a-s_floor.o)
 .debug_frame   0x000015f0       0xac C:/ST/STM32CubeIDE_1.15.0/STM32CubeIDE/plugins/com.st.stm32cube.ide.mcu.externaltools.gnu-tools-for-stm32.12.3.rel1.win32_1.0.100.202403111256/tools/bin/../lib/gcc/arm-none-eabi/12.3.1/thumb/v7e-m+fp/hard\libgcc.a(_arm_addsubdf3.o)
 .debug_frame   0x0000169c       0x50 C:/ST/STM32CubeIDE_1.15.0/STM32CubeIDE/plugins/com.st.stm32cube.ide.mcu.externaltools.gnu-tools-for-stm32.12.3.rel1.win32_1.0.100.202403111256/tools/bin/../lib/gcc/arm-none-eabi/12.3.1/thumb/v7e-m+fp/hard\libgcc.a(_arm_muldivdf3.o)
 .debug_frame   0x000016ec       0xc4 C:/ST/STM32CubeIDE_1.15.0/STM32CubeIDE/plugins/com.st.stm32cube.ide.mcu.externaltools.gnu-tools-for-stm32.12.3.rel1.win32_1.0.100.202403111256/tools/bin/../lib/gcc/arm-none-eabi/12.3.1/thumb/v7e-m+fp/hard\libgcc.a(_arm_cmpdf2.o)
 .debug_frame   0x000017b0       0x24 C:/ST/STM32CubeIDE_1.15.0/STM32CubeIDE/plugins/com.st.stm32cube.ide.mcu.externaltools.gnu-tools-for-stm32.12.3.rel1.win32_1.0.100.202403111256/tools/bin/../lib/gcc/arm-none-eabi/12.3.1/thumb/v7e-m+fp/hard\libgcc.a(_arm_fixdfsi.o)
 .debug_frame   0x000017d4       0x24 C:/ST/STM32CubeIDE_1.15.0/STM32CubeIDE/plugins/com.st.stm32cube.ide.mcu.externaltools.gnu-tools-for-stm32.12.3.rel1.win32_1.0.100.202403111256/tools/bin/../lib/gcc/arm-none-eabi/12.3.1/thumb/v7e-m+fp/hard\libgcc.a(_arm_fixunsdfsi.o)

.debug_line_str
                0x00000000       0x6b
 .debug_line_str
                0x00000000       0x6b ./Core/Startup/startup_stm32l476rgtx.o
